
*** Running vivado
    with args -log test_i2c_master.vds -m64 -product Vivado -mode batch -messageDb vivado.pb -notrace -source test_i2c_master.tcl


****** Vivado v2017.4 (64-bit)
  **** SW Build 2086221 on Fri Dec 15 20:55:39 MST 2017
  **** IP Build 2085800 on Fri Dec 15 22:25:07 MST 2017
    ** Copyright 1986-2017 Xilinx, Inc. All Rights Reserved.

source test_i2c_master.tcl -notrace
Command: synth_design -top test_i2c_master -part xc7a100tcsg324-1
Starting synth_design
Attempting to get a license for feature 'Synthesis' and/or device 'xc7a100t'
INFO: [Common 17-349] Got license for feature 'Synthesis' and/or device 'xc7a100t'
INFO: Launching helper process for spawning children vivado processes
INFO: Helper process launched with PID 11660 
---------------------------------------------------------------------------------
Starting RTL Elaboration : Time (s): cpu = 00:00:04 ; elapsed = 00:00:04 . Memory (MB): peak = 350.867 ; gain = 99.508
---------------------------------------------------------------------------------
INFO: [Synth 8-638] synthesizing module 'test_i2c_master' [V:/Programacion/RepositoriosGit/NexysA7FreeProjects/I2CMaster/test_i2c_master.vhd:16]
INFO: [Synth 8-638] synthesizing module 'clkgen10kHz' [V:/Programacion/RepositoriosGit/NexysA7FreeProjects/I2CMaster/clkgen10kHz.vhd:13]
WARNING: [Synth 8-614] signal 'clk_out_reg' is read in the process but is not in the sensitivity list [V:/Programacion/RepositoriosGit/NexysA7FreeProjects/I2CMaster/clkgen10kHz.vhd:20]
INFO: [Synth 8-256] done synthesizing module 'clkgen10kHz' (1#1) [V:/Programacion/RepositoriosGit/NexysA7FreeProjects/I2CMaster/clkgen10kHz.vhd:13]
INFO: [Synth 8-638] synthesizing module 'i2c_master' [V:/Programacion/RepositoriosGit/NexysA7FreeProjects/I2CMaster/i2c_master.vhd:16]
INFO: [Synth 8-256] done synthesizing module 'i2c_master' (2#1) [V:/Programacion/RepositoriosGit/NexysA7FreeProjects/I2CMaster/i2c_master.vhd:16]
INFO: [Synth 8-256] done synthesizing module 'test_i2c_master' (3#1) [V:/Programacion/RepositoriosGit/NexysA7FreeProjects/I2CMaster/test_i2c_master.vhd:16]
---------------------------------------------------------------------------------
Finished RTL Elaboration : Time (s): cpu = 00:00:05 ; elapsed = 00:00:05 . Memory (MB): peak = 403.281 ; gain = 151.922
---------------------------------------------------------------------------------

Report Check Netlist: 
+------+------------------+-------+---------+-------+------------------+
|      |Item              |Errors |Warnings |Status |Description       |
+------+------------------+-------+---------+-------+------------------+
|1     |multi_driven_nets |      0|        0|Passed |Multi driven nets |
+------+------------------+-------+---------+-------+------------------+
---------------------------------------------------------------------------------
Finished RTL Optimization Phase 1 : Time (s): cpu = 00:00:05 ; elapsed = 00:00:05 . Memory (MB): peak = 403.281 ; gain = 151.922
---------------------------------------------------------------------------------
INFO: [Device 21-403] Loading part xc7a100tcsg324-1
INFO: [Project 1-570] Preparing netlist for logic optimization

Processing XDC Constraints
Initializing timing engine
Parsing XDC File [V:/Programacion/RepositoriosGit/NexysA7FreeProjects/I2CMaster/test_i2c_master.xdc]
Finished Parsing XDC File [V:/Programacion/RepositoriosGit/NexysA7FreeProjects/I2CMaster/test_i2c_master.xdc]
INFO: [Project 1-236] Implementation specific constraints were found while reading constraint file [V:/Programacion/RepositoriosGit/NexysA7FreeProjects/I2CMaster/test_i2c_master.xdc]. These constraints will be ignored for synthesis but will be used in implementation. Impacted constraints are listed in the file [.Xil/test_i2c_master_propImpl.xdc].
Resolution: To avoid this warning, move constraints listed in [.Xil/test_i2c_master_propImpl.xdc] to another XDC file and exclude this new file from synthesis with the used_in_synthesis property (File Properties dialog in GUI) and re-run elaboration/synthesis.
Completed Processing XDC Constraints

INFO: [Project 1-111] Unisim Transformation Summary:
No Unisim elements were transformed.

Constraint Validation Runtime : Time (s): cpu = 00:00:00 ; elapsed = 00:00:00.002 . Memory (MB): peak = 754.391 ; gain = 0.000
---------------------------------------------------------------------------------
Finished Constraint Validation : Time (s): cpu = 00:00:15 ; elapsed = 00:00:16 . Memory (MB): peak = 754.391 ; gain = 503.031
---------------------------------------------------------------------------------
---------------------------------------------------------------------------------
Start Loading Part and Timing Information
---------------------------------------------------------------------------------
Loading part: xc7a100tcsg324-1
---------------------------------------------------------------------------------
Finished Loading Part and Timing Information : Time (s): cpu = 00:00:15 ; elapsed = 00:00:16 . Memory (MB): peak = 754.391 ; gain = 503.031
---------------------------------------------------------------------------------
---------------------------------------------------------------------------------
Start Applying 'set_property' XDC Constraints
---------------------------------------------------------------------------------
---------------------------------------------------------------------------------
Finished applying 'set_property' XDC Constraints : Time (s): cpu = 00:00:15 ; elapsed = 00:00:16 . Memory (MB): peak = 754.391 ; gain = 503.031
---------------------------------------------------------------------------------
INFO: [Synth 8-5546] ROM "clk_out_reg" won't be mapped to RAM because it is too sparse
INFO: [Synth 8-5546] ROM "ACK_STATE" won't be mapped to RAM because it is too sparse
INFO: [Synth 8-5546] ROM "prescaler_out" won't be mapped to RAM because it is too sparse
INFO: [Synth 8-5546] ROM "SCL" won't be mapped to RAM because it is too sparse
WARNING: [Synth 8-327] inferring latch for variable 'SCL_reg' [V:/Programacion/RepositoriosGit/NexysA7FreeProjects/I2CMaster/i2c_master.vhd:116]
WARNING: [Synth 8-327] inferring latch for variable 'read_sda_reg' [V:/Programacion/RepositoriosGit/NexysA7FreeProjects/I2CMaster/i2c_master.vhd:66]
WARNING: [Synth 8-327] inferring latch for variable 'DATA_reg' [V:/Programacion/RepositoriosGit/NexysA7FreeProjects/I2CMaster/i2c_master.vhd:216]
WARNING: [Synth 8-327] inferring latch for variable 'write_sda_reg' [V:/Programacion/RepositoriosGit/NexysA7FreeProjects/I2CMaster/i2c_master.vhd:147]
---------------------------------------------------------------------------------
Finished RTL Optimization Phase 2 : Time (s): cpu = 00:00:15 ; elapsed = 00:00:16 . Memory (MB): peak = 754.391 ; gain = 503.031
---------------------------------------------------------------------------------

Report RTL Partitions: 
+-+--------------+------------+----------+
| |RTL Partition |Replication |Instances |
+-+--------------+------------+----------+
+-+--------------+------------+----------+
---------------------------------------------------------------------------------
Start RTL Component Statistics 
---------------------------------------------------------------------------------
Detailed RTL Component Info : 
+---Adders : 
	   2 Input     14 Bit       Adders := 1     
	   2 Input     13 Bit       Adders := 1     
+---Registers : 
	               14 Bit    Registers := 1     
	               13 Bit    Registers := 1     
	                8 Bit    Registers := 1     
	                5 Bit    Registers := 1     
	                1 Bit    Registers := 2     
+---Muxes : 
	   2 Input     14 Bit        Muxes := 1     
	   2 Input     13 Bit        Muxes := 1     
	   2 Input      4 Bit        Muxes := 1     
	   2 Input      1 Bit        Muxes := 5     
---------------------------------------------------------------------------------
Finished RTL Component Statistics 
---------------------------------------------------------------------------------
---------------------------------------------------------------------------------
Start RTL Hierarchical Component Statistics 
---------------------------------------------------------------------------------
Hierarchical RTL Component report 
Module clkgen10kHz 
Detailed RTL Component Info : 
+---Adders : 
	   2 Input     14 Bit       Adders := 1     
+---Registers : 
	               14 Bit    Registers := 1     
	                1 Bit    Registers := 1     
+---Muxes : 
	   2 Input     14 Bit        Muxes := 1     
	   2 Input      1 Bit        Muxes := 1     
Module i2c_master 
Detailed RTL Component Info : 
+---Adders : 
	   2 Input     13 Bit       Adders := 1     
+---Registers : 
	               13 Bit    Registers := 1     
	                8 Bit    Registers := 1     
	                5 Bit    Registers := 1     
	                1 Bit    Registers := 1     
+---Muxes : 
	   2 Input     13 Bit        Muxes := 1     
	   2 Input      4 Bit        Muxes := 1     
	   2 Input      1 Bit        Muxes := 4     
---------------------------------------------------------------------------------
Finished RTL Hierarchical Component Statistics
---------------------------------------------------------------------------------
---------------------------------------------------------------------------------
Start Part Resource Summary
---------------------------------------------------------------------------------
Part Resources:
DSPs: 240 (col length:80)
BRAMs: 270 (col length: RAMB18 80 RAMB36 40)
---------------------------------------------------------------------------------
Finished Part Resource Summary
---------------------------------------------------------------------------------
---------------------------------------------------------------------------------
Start Cross Boundary and Area Optimization
---------------------------------------------------------------------------------
INFO: [Synth 8-5546] ROM "U_CLKGEN10KHZ/clk_out_reg" won't be mapped to RAM because it is too sparse
INFO: [Synth 8-5546] ROM "U_I2C_MASTER/prescaler_out" won't be mapped to RAM because it is too sparse
---------------------------------------------------------------------------------
Finished Cross Boundary and Area Optimization : Time (s): cpu = 00:00:15 ; elapsed = 00:00:16 . Memory (MB): peak = 754.391 ; gain = 503.031
---------------------------------------------------------------------------------
---------------------------------------------------------------------------------
Start ROM, RAM, DSP and Shift Register Reporting
---------------------------------------------------------------------------------

ROM:
+----------------+----------------------------+---------------+----------------+
|Module Name     | RTL Object                 | Depth x Width | Implemented As | 
+----------------+----------------------------+---------------+----------------+
|i2c_master      | sda_direction              | 32x1          | LUT            | 
|i2c_master      | write_sda                  | 32x1          | LUT            | 
|test_i2c_master | U_I2C_MASTER/sda_direction | 32x1          | LUT            | 
|test_i2c_master | U_I2C_MASTER/write_sda     | 32x1          | LUT            | 
+----------------+----------------------------+---------------+----------------+

---------------------------------------------------------------------------------
Finished ROM, RAM, DSP and Shift Register Reporting
---------------------------------------------------------------------------------

Report RTL Partitions: 
+-+--------------+------------+----------+
| |RTL Partition |Replication |Instances |
+-+--------------+------------+----------+
+-+--------------+------------+----------+
---------------------------------------------------------------------------------
Start Applying XDC Timing Constraints
---------------------------------------------------------------------------------
---------------------------------------------------------------------------------
Finished Applying XDC Timing Constraints : Time (s): cpu = 00:00:22 ; elapsed = 00:00:24 . Memory (MB): peak = 754.391 ; gain = 503.031
---------------------------------------------------------------------------------
---------------------------------------------------------------------------------
Start Timing Optimization
---------------------------------------------------------------------------------
---------------------------------------------------------------------------------
Finished Timing Optimization : Time (s): cpu = 00:00:22 ; elapsed = 00:00:24 . Memory (MB): peak = 765.570 ; gain = 514.211
---------------------------------------------------------------------------------

Report RTL Partitions: 
+-+--------------+------------+----------+
| |RTL Partition |Replication |Instances |
+-+--------------+------------+----------+
+-+--------------+------------+----------+
---------------------------------------------------------------------------------
Start Technology Mapping
---------------------------------------------------------------------------------
---------------------------------------------------------------------------------
Finished Technology Mapping : Time (s): cpu = 00:00:22 ; elapsed = 00:00:24 . Memory (MB): peak = 766.844 ; gain = 515.484
---------------------------------------------------------------------------------

Report RTL Partitions: 
+-+--------------+------------+----------+
| |RTL Partition |Replication |Instances |
+-+--------------+------------+----------+
+-+--------------+------------+----------+
---------------------------------------------------------------------------------
Start IO Insertion
---------------------------------------------------------------------------------
---------------------------------------------------------------------------------
Start Flattening Before IO Insertion
---------------------------------------------------------------------------------
---------------------------------------------------------------------------------
Finished Flattening Before IO Insertion
---------------------------------------------------------------------------------
---------------------------------------------------------------------------------
Start Final Netlist Cleanup
---------------------------------------------------------------------------------
---------------------------------------------------------------------------------
Finished Final Netlist Cleanup
---------------------------------------------------------------------------------
---------------------------------------------------------------------------------
Finished IO Insertion : Time (s): cpu = 00:00:23 ; elapsed = 00:00:24 . Memory (MB): peak = 766.844 ; gain = 515.484
---------------------------------------------------------------------------------

Report Check Netlist: 
+------+------------------+-------+---------+-------+------------------+
|      |Item              |Errors |Warnings |Status |Description       |
+------+------------------+-------+---------+-------+------------------+
|1     |multi_driven_nets |      0|        0|Passed |Multi driven nets |
+------+------------------+-------+---------+-------+------------------+
---------------------------------------------------------------------------------
Start Renaming Generated Instances
---------------------------------------------------------------------------------
---------------------------------------------------------------------------------
Finished Renaming Generated Instances : Time (s): cpu = 00:00:23 ; elapsed = 00:00:24 . Memory (MB): peak = 766.844 ; gain = 515.484
---------------------------------------------------------------------------------

Report RTL Partitions: 
+-+--------------+------------+----------+
| |RTL Partition |Replication |Instances |
+-+--------------+------------+----------+
+-+--------------+------------+----------+
---------------------------------------------------------------------------------
Start Rebuilding User Hierarchy
---------------------------------------------------------------------------------
---------------------------------------------------------------------------------
Finished Rebuilding User Hierarchy : Time (s): cpu = 00:00:23 ; elapsed = 00:00:24 . Memory (MB): peak = 766.844 ; gain = 515.484
---------------------------------------------------------------------------------
---------------------------------------------------------------------------------
Start Renaming Generated Ports
---------------------------------------------------------------------------------
---------------------------------------------------------------------------------
Finished Renaming Generated Ports : Time (s): cpu = 00:00:23 ; elapsed = 00:00:24 . Memory (MB): peak = 766.844 ; gain = 515.484
---------------------------------------------------------------------------------
---------------------------------------------------------------------------------
Start Handling Custom Attributes
---------------------------------------------------------------------------------
---------------------------------------------------------------------------------
Finished Handling Custom Attributes : Time (s): cpu = 00:00:23 ; elapsed = 00:00:24 . Memory (MB): peak = 766.844 ; gain = 515.484
---------------------------------------------------------------------------------
---------------------------------------------------------------------------------
Start Renaming Generated Nets
---------------------------------------------------------------------------------
---------------------------------------------------------------------------------
Finished Renaming Generated Nets : Time (s): cpu = 00:00:23 ; elapsed = 00:00:24 . Memory (MB): peak = 766.844 ; gain = 515.484
---------------------------------------------------------------------------------
---------------------------------------------------------------------------------
Start Writing Synthesis Report
---------------------------------------------------------------------------------

Report BlackBoxes: 
+-+--------------+----------+
| |BlackBox name |Instances |
+-+--------------+----------+
+-+--------------+----------+

Report Cell Usage: 
+------+-------+------+
|      |Cell   |Count |
+------+-------+------+
|1     |BUFG   |     1|
|2     |CARRY4 |     7|
|3     |LUT1   |     3|
|4     |LUT2   |    14|
|5     |LUT4   |     3|
|6     |LUT5   |    11|
|7     |LUT6   |    19|
|8     |FDCE   |    42|
|9     |LD     |    10|
|10    |LDCP   |     1|
|11    |IBUF   |     2|
|12    |IOBUF  |     1|
|13    |OBUF   |    10|
+------+-------+------+

Report Instance Areas: 
+------+----------------+------------+------+
|      |Instance        |Module      |Cells |
+------+----------------+------------+------+
|1     |top             |            |   124|
|2     |  U_CLKGEN10KHZ |clkgen10kHz |    37|
|3     |  U_I2C_MASTER  |i2c_master  |    73|
+------+----------------+------------+------+
---------------------------------------------------------------------------------
Finished Writing Synthesis Report : Time (s): cpu = 00:00:23 ; elapsed = 00:00:24 . Memory (MB): peak = 766.844 ; gain = 515.484
---------------------------------------------------------------------------------
Synthesis finished with 0 errors, 0 critical warnings and 4 warnings.
Synthesis Optimization Runtime : Time (s): cpu = 00:00:13 ; elapsed = 00:00:19 . Memory (MB): peak = 766.844 ; gain = 164.375
Synthesis Optimization Complete : Time (s): cpu = 00:00:23 ; elapsed = 00:00:24 . Memory (MB): peak = 766.844 ; gain = 515.484
INFO: [Project 1-571] Translating synthesized netlist
INFO: [Netlist 29-17] Analyzing 21 Unisim elements for replacement
INFO: [Netlist 29-28] Unisim Transformation completed in 0 CPU seconds
INFO: [Project 1-570] Preparing netlist for logic optimization
INFO: [Opt 31-138] Pushed 0 inverter(s) to 0 load pin(s).
INFO: [Project 1-111] Unisim Transformation Summary:
  A total of 12 instances were transformed.
  IOBUF => IOBUF (IBUF, OBUFT): 1 instances
  LD => LDCE: 10 instances
  LDCP => LDCP (GND, LUT3, LUT3, LDCE, VCC): 1 instances

INFO: [Common 17-83] Releasing license: Synthesis
24 Infos, 5 Warnings, 0 Critical Warnings and 0 Errors encountered.
synth_design completed successfully
synth_design: Time (s): cpu = 00:00:25 ; elapsed = 00:00:27 . Memory (MB): peak = 767.109 ; gain = 528.672
INFO: [Common 17-1381] The checkpoint 'V:/Programacion/RepositoriosGit/NexysA7FreeProjects/I2CMaster/ProyectoVivado/ProyectoVivado.runs/synth_1/test_i2c_master.dcp' has been generated.
INFO: [runtcl-4] Executing : report_utilization -file test_i2c_master_utilization_synth.rpt -pb test_i2c_master_utilization_synth.pb
report_utilization: Time (s): cpu = 00:00:00 ; elapsed = 00:00:00.033 . Memory (MB): peak = 767.109 ; gain = 0.000
INFO: [Common 17-206] Exiting Vivado at Thu Dec 26 12:22:29 2024...
