
*** Running vivado
    with args -log test_xmas_lights.vds -m64 -product Vivado -mode batch -messageDb vivado.pb -notrace -source test_xmas_lights.tcl


****** Vivado v2017.4 (64-bit)
  **** SW Build 2086221 on Fri Dec 15 20:55:39 MST 2017
  **** IP Build 2085800 on Fri Dec 15 22:25:07 MST 2017
    ** Copyright 1986-2017 Xilinx, Inc. All Rights Reserved.

source test_xmas_lights.tcl -notrace
Command: synth_design -top test_xmas_lights -part xc7a100tcsg324-1
Starting synth_design
Attempting to get a license for feature 'Synthesis' and/or device 'xc7a100t'
INFO: [Common 17-349] Got license for feature 'Synthesis' and/or device 'xc7a100t'
INFO: Launching helper process for spawning children vivado processes
INFO: Helper process launched with PID 6872 
---------------------------------------------------------------------------------
Starting RTL Elaboration : Time (s): cpu = 00:00:05 ; elapsed = 00:00:04 . Memory (MB): peak = 351.223 ; gain = 99.992
---------------------------------------------------------------------------------
INFO: [Synth 8-638] synthesizing module 'test_xmas_lights' [V:/Programacion/RepositoriosGit/NexysA7FreeProjects/XmasLightsRgb/test_xmas_lights.vhd:19]
INFO: [Synth 8-638] synthesizing module 'debouncer' [V:/Programacion/RepositoriosGit/NexysA7FreeProjects/XmasLightsRgb/debouncer.vhd:15]
	Parameter NR_OF_CLKS bound to: 4095 - type: integer 
INFO: [Synth 8-256] done synthesizing module 'debouncer' (1#1) [V:/Programacion/RepositoriosGit/NexysA7FreeProjects/XmasLightsRgb/debouncer.vhd:15]
INFO: [Synth 8-638] synthesizing module 'rgb_controller' [V:/Programacion/RepositoriosGit/NexysA7FreeProjects/XmasLightsRgb/rgb_controller.vhd:19]
WARNING: [Synth 8-614] signal 'RST' is read in the process but is not in the sensitivity list [V:/Programacion/RepositoriosGit/NexysA7FreeProjects/XmasLightsRgb/rgb_controller.vhd:29]
INFO: [Synth 8-256] done synthesizing module 'rgb_controller' (2#1) [V:/Programacion/RepositoriosGit/NexysA7FreeProjects/XmasLightsRgb/rgb_controller.vhd:19]
INFO: [Synth 8-638] synthesizing module 'pwm_module' [V:/Programacion/RepositoriosGit/NexysA7FreeProjects/XmasLightsRgb/pwm_module.vhd:13]
INFO: [Synth 8-256] done synthesizing module 'pwm_module' (3#1) [V:/Programacion/RepositoriosGit/NexysA7FreeProjects/XmasLightsRgb/pwm_module.vhd:13]
INFO: [Synth 8-256] done synthesizing module 'test_xmas_lights' (4#1) [V:/Programacion/RepositoriosGit/NexysA7FreeProjects/XmasLightsRgb/test_xmas_lights.vhd:19]
---------------------------------------------------------------------------------
Finished RTL Elaboration : Time (s): cpu = 00:00:05 ; elapsed = 00:00:05 . Memory (MB): peak = 403.023 ; gain = 151.793
---------------------------------------------------------------------------------

Report Check Netlist: 
+------+------------------+-------+---------+-------+------------------+
|      |Item              |Errors |Warnings |Status |Description       |
+------+------------------+-------+---------+-------+------------------+
|1     |multi_driven_nets |      0|        0|Passed |Multi driven nets |
+------+------------------+-------+---------+-------+------------------+
---------------------------------------------------------------------------------
Finished RTL Optimization Phase 1 : Time (s): cpu = 00:00:05 ; elapsed = 00:00:05 . Memory (MB): peak = 403.023 ; gain = 151.793
---------------------------------------------------------------------------------
INFO: [Device 21-403] Loading part xc7a100tcsg324-1
INFO: [Project 1-570] Preparing netlist for logic optimization

Processing XDC Constraints
Initializing timing engine
Parsing XDC File [V:/Programacion/RepositoriosGit/NexysA7FreeProjects/XmasLightsRgb/test_xmas_lights.xdc]
Finished Parsing XDC File [V:/Programacion/RepositoriosGit/NexysA7FreeProjects/XmasLightsRgb/test_xmas_lights.xdc]
INFO: [Project 1-236] Implementation specific constraints were found while reading constraint file [V:/Programacion/RepositoriosGit/NexysA7FreeProjects/XmasLightsRgb/test_xmas_lights.xdc]. These constraints will be ignored for synthesis but will be used in implementation. Impacted constraints are listed in the file [.Xil/test_xmas_lights_propImpl.xdc].
Resolution: To avoid this warning, move constraints listed in [.Xil/test_xmas_lights_propImpl.xdc] to another XDC file and exclude this new file from synthesis with the used_in_synthesis property (File Properties dialog in GUI) and re-run elaboration/synthesis.
Completed Processing XDC Constraints

INFO: [Project 1-111] Unisim Transformation Summary:
No Unisim elements were transformed.

Constraint Validation Runtime : Time (s): cpu = 00:00:00 ; elapsed = 00:00:00.002 . Memory (MB): peak = 753.918 ; gain = 0.000
---------------------------------------------------------------------------------
Finished Constraint Validation : Time (s): cpu = 00:00:15 ; elapsed = 00:00:19 . Memory (MB): peak = 753.918 ; gain = 502.688
---------------------------------------------------------------------------------
---------------------------------------------------------------------------------
Start Loading Part and Timing Information
---------------------------------------------------------------------------------
Loading part: xc7a100tcsg324-1
---------------------------------------------------------------------------------
Finished Loading Part and Timing Information : Time (s): cpu = 00:00:15 ; elapsed = 00:00:19 . Memory (MB): peak = 753.918 ; gain = 502.688
---------------------------------------------------------------------------------
---------------------------------------------------------------------------------
Start Applying 'set_property' XDC Constraints
---------------------------------------------------------------------------------
---------------------------------------------------------------------------------
Finished applying 'set_property' XDC Constraints : Time (s): cpu = 00:00:15 ; elapsed = 00:00:19 . Memory (MB): peak = 753.918 ; gain = 502.688
---------------------------------------------------------------------------------
INFO: [Synth 8-5546] ROM "stble" won't be mapped to RAM because it is too sparse
INFO: [Synth 8-5546] ROM "cnt" won't be mapped to RAM because it is too sparse
WARNING: [Synth 8-6014] Unused sequential element cnt_reg was removed.  [V:/Programacion/RepositoriosGit/NexysA7FreeProjects/XmasLightsRgb/debouncer.vhd:27]
INFO: [Synth 8-4471] merging register 'PWM_R2_reg[7:0]' into 'PWM_G1_reg[7:0]' [V:/Programacion/RepositoriosGit/NexysA7FreeProjects/XmasLightsRgb/rgb_controller.vhd:107]
INFO: [Synth 8-4471] merging register 'PWM_G2_reg[7:0]' into 'PWM_R1_reg[7:0]' [V:/Programacion/RepositoriosGit/NexysA7FreeProjects/XmasLightsRgb/rgb_controller.vhd:108]
INFO: [Synth 8-4471] merging register 'PWM_B2_reg[7:0]' into 'PWM_B1_reg[7:0]' [V:/Programacion/RepositoriosGit/NexysA7FreeProjects/XmasLightsRgb/rgb_controller.vhd:109]
WARNING: [Synth 8-6014] Unused sequential element PWM_R2_reg was removed.  [V:/Programacion/RepositoriosGit/NexysA7FreeProjects/XmasLightsRgb/rgb_controller.vhd:107]
WARNING: [Synth 8-6014] Unused sequential element PWM_G2_reg was removed.  [V:/Programacion/RepositoriosGit/NexysA7FreeProjects/XmasLightsRgb/rgb_controller.vhd:108]
WARNING: [Synth 8-6014] Unused sequential element PWM_B2_reg was removed.  [V:/Programacion/RepositoriosGit/NexysA7FreeProjects/XmasLightsRgb/rgb_controller.vhd:109]
INFO: [Synth 8-5546] ROM "prescaler_out" won't be mapped to RAM because it is too sparse
WARNING: [Synth 8-6014] Unused sequential element prescalerCnt_reg was removed.  [V:/Programacion/RepositoriosGit/NexysA7FreeProjects/XmasLightsRgb/pwm_module.vhd:21]
---------------------------------------------------------------------------------
Finished RTL Optimization Phase 2 : Time (s): cpu = 00:00:15 ; elapsed = 00:00:19 . Memory (MB): peak = 753.918 ; gain = 502.688
---------------------------------------------------------------------------------

Report RTL Partitions: 
+-+--------------+------------+----------+
| |RTL Partition |Replication |Instances |
+-+--------------+------------+----------+
+-+--------------+------------+----------+
---------------------------------------------------------------------------------
Start RTL Component Statistics 
---------------------------------------------------------------------------------
Detailed RTL Component Info : 
+---Adders : 
	   2 Input     25 Bit       Adders := 1     
	   2 Input      8 Bit       Adders := 6     
+---Registers : 
	               25 Bit    Registers := 1     
	                8 Bit    Registers := 9     
	                2 Bit    Registers := 1     
	                1 Bit    Registers := 4     
+---Muxes : 
	   2 Input     25 Bit        Muxes := 1     
	   2 Input      8 Bit        Muxes := 4     
	   7 Input      2 Bit        Muxes := 1     
	   2 Input      1 Bit        Muxes := 4     
---------------------------------------------------------------------------------
Finished RTL Component Statistics 
---------------------------------------------------------------------------------
---------------------------------------------------------------------------------
Start RTL Hierarchical Component Statistics 
---------------------------------------------------------------------------------
Hierarchical RTL Component report 
Module debouncer 
Detailed RTL Component Info : 
+---Registers : 
	                1 Bit    Registers := 3     
+---Muxes : 
	   2 Input      1 Bit        Muxes := 2     
Module rgb_controller 
Detailed RTL Component Info : 
+---Adders : 
	   2 Input     25 Bit       Adders := 1     
+---Registers : 
	               25 Bit    Registers := 1     
	                8 Bit    Registers := 3     
	                2 Bit    Registers := 1     
	                1 Bit    Registers := 1     
+---Muxes : 
	   2 Input     25 Bit        Muxes := 1     
	   2 Input      8 Bit        Muxes := 4     
	   7 Input      2 Bit        Muxes := 1     
	   2 Input      1 Bit        Muxes := 2     
Module pwm_module 
Detailed RTL Component Info : 
+---Adders : 
	   2 Input      8 Bit       Adders := 1     
+---Registers : 
	                8 Bit    Registers := 1     
---------------------------------------------------------------------------------
Finished RTL Hierarchical Component Statistics
---------------------------------------------------------------------------------
---------------------------------------------------------------------------------
Start Part Resource Summary
---------------------------------------------------------------------------------
Part Resources:
DSPs: 240 (col length:80)
BRAMs: 270 (col length: RAMB18 80 RAMB36 40)
---------------------------------------------------------------------------------
Finished Part Resource Summary
---------------------------------------------------------------------------------
---------------------------------------------------------------------------------
Start Cross Boundary and Area Optimization
---------------------------------------------------------------------------------
INFO: [Synth 8-5546] ROM "U_DEBOUNCER/cnt" won't be mapped to RAM because it is too sparse
INFO: [Synth 8-5546] ROM "U_DEBOUNCER/stble" won't be mapped to RAM because it is too sparse
INFO: [Synth 8-5546] ROM "U_RGB_CONTROLLER/prescaler_out" won't be mapped to RAM because it is too sparse
WARNING: [Synth 8-6014] Unused sequential element U_DEBOUNCER/cnt_reg was removed.  [V:/Programacion/RepositoriosGit/NexysA7FreeProjects/XmasLightsRgb/debouncer.vhd:27]
WARNING: [Synth 8-6014] Unused sequential element U_PWM_MODULE_RED_1/prescalerCnt_reg was removed.  [V:/Programacion/RepositoriosGit/NexysA7FreeProjects/XmasLightsRgb/pwm_module.vhd:21]
WARNING: [Synth 8-6014] Unused sequential element U_PWM_MODULE_GREEN_1/prescalerCnt_reg was removed.  [V:/Programacion/RepositoriosGit/NexysA7FreeProjects/XmasLightsRgb/pwm_module.vhd:21]
WARNING: [Synth 8-6014] Unused sequential element U_PWM_MODULE_BLUE_1/prescalerCnt_reg was removed.  [V:/Programacion/RepositoriosGit/NexysA7FreeProjects/XmasLightsRgb/pwm_module.vhd:21]
WARNING: [Synth 8-6014] Unused sequential element U_PWM_MODULE_RED_2/prescalerCnt_reg was removed.  [V:/Programacion/RepositoriosGit/NexysA7FreeProjects/XmasLightsRgb/pwm_module.vhd:21]
WARNING: [Synth 8-6014] Unused sequential element U_PWM_MODULE_GREEN_2/prescalerCnt_reg was removed.  [V:/Programacion/RepositoriosGit/NexysA7FreeProjects/XmasLightsRgb/pwm_module.vhd:21]
WARNING: [Synth 8-6014] Unused sequential element U_PWM_MODULE_BLUE_2/prescalerCnt_reg was removed.  [V:/Programacion/RepositoriosGit/NexysA7FreeProjects/XmasLightsRgb/pwm_module.vhd:21]
WARNING: [Synth 8-6014] Unused sequential element U_PWM_MODULE_GREEN_1/prescalerCnt_reg was removed.  [V:/Programacion/RepositoriosGit/NexysA7FreeProjects/XmasLightsRgb/pwm_module.vhd:21]
WARNING: [Synth 8-6014] Unused sequential element U_PWM_MODULE_BLUE_1/prescalerCnt_reg was removed.  [V:/Programacion/RepositoriosGit/NexysA7FreeProjects/XmasLightsRgb/pwm_module.vhd:21]
WARNING: [Synth 8-6014] Unused sequential element U_PWM_MODULE_RED_2/prescalerCnt_reg was removed.  [V:/Programacion/RepositoriosGit/NexysA7FreeProjects/XmasLightsRgb/pwm_module.vhd:21]
WARNING: [Synth 8-6014] Unused sequential element U_PWM_MODULE_GREEN_2/prescalerCnt_reg was removed.  [V:/Programacion/RepositoriosGit/NexysA7FreeProjects/XmasLightsRgb/pwm_module.vhd:21]
WARNING: [Synth 8-6014] Unused sequential element U_PWM_MODULE_BLUE_2/prescalerCnt_reg was removed.  [V:/Programacion/RepositoriosGit/NexysA7FreeProjects/XmasLightsRgb/pwm_module.vhd:21]
INFO: [Synth 8-3886] merging instance 'U_RGB_CONTROLLER/PWM_B1_reg[0]' (FDC) to 'U_RGB_CONTROLLER/PWM_B1_reg[1]'
INFO: [Synth 8-3886] merging instance 'U_RGB_CONTROLLER/PWM_B1_reg[1]' (FDC) to 'U_RGB_CONTROLLER/PWM_B1_reg[2]'
INFO: [Synth 8-3886] merging instance 'U_RGB_CONTROLLER/PWM_B1_reg[2]' (FDC) to 'U_RGB_CONTROLLER/PWM_B1_reg[3]'
INFO: [Synth 8-3886] merging instance 'U_RGB_CONTROLLER/PWM_B1_reg[3]' (FDC) to 'U_RGB_CONTROLLER/PWM_B1_reg[4]'
INFO: [Synth 8-3886] merging instance 'U_RGB_CONTROLLER/PWM_B1_reg[4]' (FDC) to 'U_RGB_CONTROLLER/PWM_B1_reg[5]'
INFO: [Synth 8-3886] merging instance 'U_RGB_CONTROLLER/PWM_B1_reg[5]' (FDC) to 'U_RGB_CONTROLLER/PWM_B1_reg[6]'
INFO: [Synth 8-3886] merging instance 'U_RGB_CONTROLLER/PWM_B1_reg[6]' (FDC) to 'U_RGB_CONTROLLER/PWM_B1_reg[7]'
INFO: [Synth 8-3333] propagating constant 0 across sequential element (\U_RGB_CONTROLLER/PWM_B1_reg[7] )
INFO: [Synth 8-3886] merging instance 'U_RGB_CONTROLLER/PWM_G1_reg[0]' (FDC) to 'U_RGB_CONTROLLER/PWM_G1_reg[1]'
INFO: [Synth 8-3886] merging instance 'U_RGB_CONTROLLER/PWM_G1_reg[1]' (FDC) to 'U_RGB_CONTROLLER/PWM_G1_reg[2]'
INFO: [Synth 8-3886] merging instance 'U_RGB_CONTROLLER/PWM_G1_reg[2]' (FDC) to 'U_RGB_CONTROLLER/PWM_G1_reg[3]'
INFO: [Synth 8-3886] merging instance 'U_RGB_CONTROLLER/PWM_G1_reg[3]' (FDC) to 'U_RGB_CONTROLLER/PWM_G1_reg[4]'
INFO: [Synth 8-3886] merging instance 'U_RGB_CONTROLLER/PWM_G1_reg[4]' (FDC) to 'U_RGB_CONTROLLER/PWM_G1_reg[5]'
INFO: [Synth 8-3886] merging instance 'U_RGB_CONTROLLER/PWM_G1_reg[5]' (FDC) to 'U_RGB_CONTROLLER/PWM_G1_reg[6]'
INFO: [Synth 8-3886] merging instance 'U_RGB_CONTROLLER/PWM_G1_reg[6]' (FDC) to 'U_RGB_CONTROLLER/PWM_G1_reg[7]'
INFO: [Synth 8-3886] merging instance 'U_RGB_CONTROLLER/PWM_R1_reg[0]' (FDC) to 'U_RGB_CONTROLLER/PWM_R1_reg[1]'
INFO: [Synth 8-3886] merging instance 'U_RGB_CONTROLLER/PWM_R1_reg[1]' (FDC) to 'U_RGB_CONTROLLER/PWM_R1_reg[2]'
INFO: [Synth 8-3886] merging instance 'U_RGB_CONTROLLER/PWM_R1_reg[2]' (FDC) to 'U_RGB_CONTROLLER/PWM_R1_reg[3]'
INFO: [Synth 8-3886] merging instance 'U_RGB_CONTROLLER/PWM_R1_reg[3]' (FDC) to 'U_RGB_CONTROLLER/PWM_R1_reg[4]'
INFO: [Synth 8-3886] merging instance 'U_RGB_CONTROLLER/PWM_R1_reg[4]' (FDC) to 'U_RGB_CONTROLLER/PWM_R1_reg[5]'
INFO: [Synth 8-3886] merging instance 'U_RGB_CONTROLLER/PWM_R1_reg[5]' (FDC) to 'U_RGB_CONTROLLER/PWM_R1_reg[6]'
INFO: [Synth 8-3886] merging instance 'U_RGB_CONTROLLER/PWM_R1_reg[6]' (FDC) to 'U_RGB_CONTROLLER/PWM_R1_reg[7]'
WARNING: [Synth 8-3332] Sequential element (U_RGB_CONTROLLER/PWM_B1_reg[7]) is unused and will be removed from module test_xmas_lights.
---------------------------------------------------------------------------------
Finished Cross Boundary and Area Optimization : Time (s): cpu = 00:00:16 ; elapsed = 00:00:20 . Memory (MB): peak = 753.918 ; gain = 502.688
---------------------------------------------------------------------------------

Report RTL Partitions: 
+-+--------------+------------+----------+
| |RTL Partition |Replication |Instances |
+-+--------------+------------+----------+
+-+--------------+------------+----------+
---------------------------------------------------------------------------------
Start Applying XDC Timing Constraints
---------------------------------------------------------------------------------
---------------------------------------------------------------------------------
Finished Applying XDC Timing Constraints : Time (s): cpu = 00:00:22 ; elapsed = 00:00:27 . Memory (MB): peak = 753.918 ; gain = 502.688
---------------------------------------------------------------------------------
---------------------------------------------------------------------------------
Start Timing Optimization
---------------------------------------------------------------------------------
---------------------------------------------------------------------------------
Finished Timing Optimization : Time (s): cpu = 00:00:22 ; elapsed = 00:00:27 . Memory (MB): peak = 765.414 ; gain = 514.184
---------------------------------------------------------------------------------

Report RTL Partitions: 
+-+--------------+------------+----------+
| |RTL Partition |Replication |Instances |
+-+--------------+------------+----------+
+-+--------------+------------+----------+
---------------------------------------------------------------------------------
Start Technology Mapping
---------------------------------------------------------------------------------
---------------------------------------------------------------------------------
Finished Technology Mapping : Time (s): cpu = 00:00:23 ; elapsed = 00:00:27 . Memory (MB): peak = 766.227 ; gain = 514.996
---------------------------------------------------------------------------------

Report RTL Partitions: 
+-+--------------+------------+----------+
| |RTL Partition |Replication |Instances |
+-+--------------+------------+----------+
+-+--------------+------------+----------+
---------------------------------------------------------------------------------
Start IO Insertion
---------------------------------------------------------------------------------
---------------------------------------------------------------------------------
Start Flattening Before IO Insertion
---------------------------------------------------------------------------------
---------------------------------------------------------------------------------
Finished Flattening Before IO Insertion
---------------------------------------------------------------------------------
---------------------------------------------------------------------------------
Start Final Netlist Cleanup
---------------------------------------------------------------------------------
---------------------------------------------------------------------------------
Finished Final Netlist Cleanup
---------------------------------------------------------------------------------
---------------------------------------------------------------------------------
Finished IO Insertion : Time (s): cpu = 00:00:23 ; elapsed = 00:00:28 . Memory (MB): peak = 766.227 ; gain = 514.996
---------------------------------------------------------------------------------

Report Check Netlist: 
+------+------------------+-------+---------+-------+------------------+
|      |Item              |Errors |Warnings |Status |Description       |
+------+------------------+-------+---------+-------+------------------+
|1     |multi_driven_nets |      0|        0|Passed |Multi driven nets |
+------+------------------+-------+---------+-------+------------------+
---------------------------------------------------------------------------------
Start Renaming Generated Instances
---------------------------------------------------------------------------------
---------------------------------------------------------------------------------
Finished Renaming Generated Instances : Time (s): cpu = 00:00:23 ; elapsed = 00:00:28 . Memory (MB): peak = 766.227 ; gain = 514.996
---------------------------------------------------------------------------------

Report RTL Partitions: 
+-+--------------+------------+----------+
| |RTL Partition |Replication |Instances |
+-+--------------+------------+----------+
+-+--------------+------------+----------+
---------------------------------------------------------------------------------
Start Rebuilding User Hierarchy
---------------------------------------------------------------------------------
---------------------------------------------------------------------------------
Finished Rebuilding User Hierarchy : Time (s): cpu = 00:00:23 ; elapsed = 00:00:28 . Memory (MB): peak = 766.227 ; gain = 514.996
---------------------------------------------------------------------------------
---------------------------------------------------------------------------------
Start Renaming Generated Ports
---------------------------------------------------------------------------------
---------------------------------------------------------------------------------
Finished Renaming Generated Ports : Time (s): cpu = 00:00:23 ; elapsed = 00:00:28 . Memory (MB): peak = 766.227 ; gain = 514.996
---------------------------------------------------------------------------------
---------------------------------------------------------------------------------
Start Handling Custom Attributes
---------------------------------------------------------------------------------
---------------------------------------------------------------------------------
Finished Handling Custom Attributes : Time (s): cpu = 00:00:23 ; elapsed = 00:00:28 . Memory (MB): peak = 766.227 ; gain = 514.996
---------------------------------------------------------------------------------
---------------------------------------------------------------------------------
Start Renaming Generated Nets
---------------------------------------------------------------------------------
---------------------------------------------------------------------------------
Finished Renaming Generated Nets : Time (s): cpu = 00:00:23 ; elapsed = 00:00:28 . Memory (MB): peak = 766.227 ; gain = 514.996
---------------------------------------------------------------------------------
---------------------------------------------------------------------------------
Start Writing Synthesis Report
---------------------------------------------------------------------------------

Report BlackBoxes: 
+-+--------------+----------+
| |BlackBox name |Instances |
+-+--------------+----------+
+-+--------------+----------+

Report Cell Usage: 
+------+-------+------+
|      |Cell   |Count |
+------+-------+------+
|1     |BUFG   |     1|
|2     |CARRY4 |    11|
|3     |LUT1   |     3|
|4     |LUT2   |     3|
|5     |LUT3   |    21|
|6     |LUT4   |     9|
|7     |LUT5   |     1|
|8     |LUT6   |    31|
|9     |FDCE   |    30|
|10    |FDRE   |    23|
|11    |IBUF   |     3|
|12    |OBUF   |     6|
+------+-------+------+

Report Instance Areas: 
+------+-----------------------+---------------+------+
|      |Instance               |Module         |Cells |
+------+-----------------------+---------------+------+
|1     |top                    |               |   142|
|2     |  U_DEBOUNCER          |debouncer      |    25|
|3     |  U_PWM_MODULE_GREEN_1 |pwm_module     |     1|
|4     |  U_PWM_MODULE_RED_1   |pwm_module_0   |    34|
|5     |  U_RGB_CONTROLLER     |rgb_controller |    72|
+------+-----------------------+---------------+------+
---------------------------------------------------------------------------------
Finished Writing Synthesis Report : Time (s): cpu = 00:00:23 ; elapsed = 00:00:28 . Memory (MB): peak = 766.227 ; gain = 514.996
---------------------------------------------------------------------------------
Synthesis finished with 0 errors, 0 critical warnings and 18 warnings.
Synthesis Optimization Runtime : Time (s): cpu = 00:00:13 ; elapsed = 00:00:19 . Memory (MB): peak = 766.227 ; gain = 164.102
Synthesis Optimization Complete : Time (s): cpu = 00:00:23 ; elapsed = 00:00:28 . Memory (MB): peak = 766.227 ; gain = 514.996
INFO: [Project 1-571] Translating synthesized netlist
INFO: [Netlist 29-17] Analyzing 14 Unisim elements for replacement
INFO: [Netlist 29-28] Unisim Transformation completed in 0 CPU seconds
INFO: [Project 1-570] Preparing netlist for logic optimization
INFO: [Opt 31-138] Pushed 0 inverter(s) to 0 load pin(s).
INFO: [Project 1-111] Unisim Transformation Summary:
No Unisim elements were transformed.

INFO: [Common 17-83] Releasing license: Synthesis
51 Infos, 19 Warnings, 0 Critical Warnings and 0 Errors encountered.
synth_design completed successfully
synth_design: Time (s): cpu = 00:00:24 ; elapsed = 00:00:31 . Memory (MB): peak = 767.242 ; gain = 528.527
INFO: [Common 17-1381] The checkpoint 'V:/Programacion/RepositoriosGit/NexysA7FreeProjects/XmasLightsRgb/ProyectoVivado/ProyectoVivado.runs/synth_1/test_xmas_lights.dcp' has been generated.
INFO: [runtcl-4] Executing : report_utilization -file test_xmas_lights_utilization_synth.rpt -pb test_xmas_lights_utilization_synth.pb
report_utilization: Time (s): cpu = 00:00:00 ; elapsed = 00:00:00.124 . Memory (MB): peak = 767.242 ; gain = 0.000
INFO: [Common 17-206] Exiting Vivado at Fri Dec 20 20:46:10 2024...
